C2960 Boot Loader (C2960-HBOOT-M) Version 12.2(25r)FX, RELEASE SOFTWARE (fc4)
Cisco WS-C2960-24TT (RC32300) processor (revision C0) with 21039K bytes of memory.
2960-24TT starting...
Base ethernet MAC Address: 000A.F395.ED95
Xmodem file system is available.
Initializing Flash...
flashfs[0]: 1 files, 0 directories
flashfs[0]: 0 orphaned files, 0 orphaned directories
flashfs[0]: Total bytes: 64016384
flashfs[0]: Bytes used: 4670455
flashfs[0]: Bytes available: 59345929
flashfs[0]: flashfs fsck took 1 seconds.
...done Initializing Flash.

Boot Sector Filesystem (bs:) installed, fsid: 3
Parameter Block Filesystem (pb:) installed, fsid: 4


Loading "flash:/2960-lanbasek9-mz.150-2.SE4.bin"...
########################################################################## [OK]
Smart Init is enabled
smart init is sizing iomem
                  TYPE      MEMORY_REQ
                TOTAL:      0x00000000
Rounded IOMEM up to: 0Mb.
Using 6 percent iomem. [0Mb/512Mb]

              Restricted Rights Legend
Use, duplication, or disclosure by the Government is
subject to restrictions as set forth in subparagraph
(c) of the Commercial Computer Software - Restricted
Rights clause at FAR sec. 52.227-19 and subparagraph
(c) (1) (ii) of the Rights in Technical Data and Computer
Software clause at DFARS sec. 252.227-7013.
           cisco Systems, Inc.
           170 West Tasman Drive
           San Jose, California 95134-1706
Cisco IOS Software, C2960 Software (C2960-LANBASEK9-M), Version 15.0(2)SE4, RELEASE SOFTWARE (fc1)
Technical Support: http://www.cisco.com/techsupport
Copyright (c) 1986-2013 by Cisco Systems, Inc.
Compiled Wed 26-Jun-13 02:49 by mnguyen
Initializing flashfs...
fsck: Disable shadow buffering due to heap fragmentation.
flashfs[2]: 2 files, 1 directories
flashfs[2]: 0 orphaned files, 0 orphaned directories
flashfs[2]: Total bytes: 32514048
flashfs[2]: Bytes used: 11952128
flashfs[2]: Bytes available: 20561920
flashfs[2]: flashfs fsck took 2 seconds.
flashfs[2]: Initialization complete....done Initializing flashfs.
Checking for Bootloader upgrade..
Boot Loader upgrade not required (Stage 2)
POST: CPU MIC register Tests : Begin
POST: CPU MIC register Tests : End, Status Passed
POST: PortASIC Memory Tests : Begin
POST: PortASIC Memory Tests : End, Status Passed
POST: CPU MIC interface Loopback Tests : Begin
POST: CPU MIC interface Loopback Tests : End, Status Passed
POST: PortASIC RingLoopback Tests : Begin
POST: PortASIC RingLoopback Tests : End, Status Passed
POST: PortASIC CAM Subsystem Tests : Begin
POST: PortASIC CAM Subsystem Tests : End, Status Passed
POST: PortASIC Port Loopback Tests : Begin
POST: PortASIC Port Loopback Tests : End, Status Passed
Waiting for Port download...Complete

This product contains cryptographic features and is subject to United
States and local country laws governing import, export, transfer and
use. Delivery of Cisco cryptographic products does not imply
third-party authority to import, export, distribute or use encryption.
Importers, exporters, distributors and users are responsible for
compliance with U.S. and local country laws. By using this product you
agree to comply with applicable laws and regulations. If you are unable
to comply with U.S. and local laws, return this product immediately.
A summary of U.S. laws governing Cisco cryptographic products may be found at:
http://www.cisco.com/wwl/export/crypto/tool/stqrg.html
If you require further assistance please contact us by sending email to
export@cisco.com.
cisco WS-C2960-24TT-L (PowerPC405) processor (revision B0) with 65536K bytes of memory.
Processor board ID FOC1010X104
Last reset from power-on
1 Virtual Ethernet interface
24 FastEthernet interfaces
2 Gigabit Ethernet interfaces
The password-recovery mechanism is enabled.
64K bytes of flash-simulated non-volatile configuration memory.
Base ethernet MAC Address       : 00:0A:F3:95:ED:95
Motherboard assembly number     : 73-10390-03
Power supply part number        : 341-0097-02
Motherboard serial number       : FOC10093R12
Power supply serial number      : AZS1007032H
Model revision number           : B0
Motherboard revision number     : B0
Model number                    : WS-C2960-24TT-L
System serial number            : FOC1010X104
Top Assembly Part Number        : 800-27221-02
Top Assembly Revision Number    : A0
Version ID                      : V02
CLEI Code Number                : COM3L00BRA
Hardware Board Revision Number  : 0x01

Switch Ports Model              SW Version            SW Image
------ ----- -----              ----------            ----------
*    1 26    WS-C2960-24TT-L    15.0(2)SE4            C2960-LANBASEK9-M

Cisco IOS Software, C2960 Software (C2960-LANBASEK9-M), Version 15.0(2)SE4, RELEASE SOFTWARE (fc1)
Technical Support: http://www.cisco.com/techsupport
Copyright (c) 1986-2013 by Cisco Systems, Inc.
Compiled Wed 26-Jun-13 02:49 by mnguyen



Press RETURN to get started!


%LINK-5-CHANGED: Interface FastEthernet0/2, changed state to up

%LINEPROTO-5-UPDOWN: Line protocol on Interface FastEthernet0/2, changed state to up

%LINK-3-UPDOWN: Interface FastEthernet0/2, changed state to down

%LINEPROTO-5-UPDOWN: Line protocol on Interface FastEthernet0/2, changed state to down

%LINK-5-CHANGED: Interface FastEthernet0/6, changed state to up

%LINEPROTO-5-UPDOWN: Line protocol on Interface FastEthernet0/6, changed state to up

%LINK-5-CHANGED: Interface FastEthernet0/5, changed state to up

%LINEPROTO-5-UPDOWN: Line protocol on Interface FastEthernet0/5, changed state to up


Switch>enable
Switch#config t
Enter configuration commands, one per line.  End with CNTL/Z.
Switch(config)#vlan99
                   ^
% Invalid input detected at '^' marker.
	
Switch(config)#vlan 99
Switch(config-vlan)#name managementy
Switch(config-vlan)#name management
Switch(config-vlan)#name Management
Switch(config-vlan)#exit
Switch(config)#interface 99
                         ^
% Invalid input detected at '^' marker.
	
Switch(config)#interface vlan 99
Switch(config-if)#
%LINK-5-CHANGED: Interface Vlan99, changed state to up
interface vlan 99
Switch(config-if)#interface vlan 99
Switch(config-if)#ip address 172.16.99.11 255.255.255.0
Switch(config-if)#no shutdwon
                          ^
% Invalid input detected at '^' marker.
	
Switch(config-if)#no shutdown
Switch(config-if)#end
Switch#
%SYS-5-CONFIG_I: Configured from console by console

Switch#



S1#Show Vlan

VLAN Name                             Status    Ports
---- -------------------------------- --------- -------------------------------
1    default                          active    Fa0/1, Fa0/2, Fa0/3, Fa0/4
                                                Fa0/5, Fa0/6, Fa0/7, Fa0/8
                                                Fa0/9, Fa0/10, Fa0/11, Fa0/12
                                                Fa0/13, Fa0/14, Fa0/15, Fa0/16
                                                Fa0/17, Fa0/18, Fa0/19, Fa0/20
                                                Fa0/21, Fa0/22, Fa0/23, Fa0/24
                                                Gig0/1, Gig0/2
99   Management                       active    
1002 fddi-default                     active    
1003 token-ring-default               active    
1004 fddinet-default                  active    
1005 trnet-default                    active    

VLAN Type  SAID       MTU   Parent RingNo BridgeNo Stp  BrdgMode Trans1 Trans2
---- ----- ---------- ----- ------ ------ -------- ---- -------- ------ ------
1    enet  100001     1500  -      -      -        -    -        0      0
99   enet  100099     1500  -      -      -        -    -        0      0
1002 fddi  101002     1500  -      -      -        -    -        0      0   
1003 tr    101003     1500  -      -      -        -    -        0      0   
1004 fdnet 101004     1500  -      -      -        ieee -        0      0   

S1#show ip interface brief
Interface              IP-Address      OK? Method Status                Protocol 
FastEthernet0/1        unassigned      YES manual down                  down 
FastEthernet0/2        unassigned      YES manual down                  down 
FastEthernet0/3        unassigned      YES manual down                  down 
FastEthernet0/4        unassigned      YES manual down                  down 
FastEthernet0/5        unassigned      YES manual up                    up 
FastEthernet0/6        unassigned      YES manual up                    up 
FastEthernet0/7        unassigned      YES manual down                  down 
FastEthernet0/8        unassigned      YES manual down                  down 
FastEthernet0/9        unassigned      YES manual down                  down 
FastEthernet0/10       unassigned      YES manual down                  down 
FastEthernet0/11       unassigned      YES manual down                  down 
FastEthernet0/12       unassigned      YES manual down                  down 
FastEthernet0/13       unassigned      YES manual down                  down 
FastEthernet0/14       unassigned      YES manual down                  down 
FastEthernet0/15       unassigned      YES manual down                  down 
FastEthernet0/16       unassigned      YES manual down                  down 
FastEthernet0/17       unassigned      YES manual down                  down 
FastEthernet0/18       unassigned      YES manual down                  down 
FastEthernet0/19       unassigned      YES manual down                  down 
FastEthernet0/20       unassigned      YES manual down                  down 
FastEthernet0/21       unassigned      YES manual down                  down 
FastEthernet0/22       unassigned      YES manual down                  down 
FastEthernet0/23       unassigned      YES manual down                  down 
FastEthernet0/24       unassigned      YES manual down                  down 

S1#config t
Enter configuration commands, one per line.  End with CNTL/Z.
S1(config)#interface f0/5
S1(config-if)#
